==216792== Memcheck, a memory error detector
==216792== Copyright (C) 2002-2017, and GNU GPL'd, by Julian Seward et al.
==216792== Using Valgrind-3.15.0 and LibVEX; rerun with -h for copyright info
==216792== Command: ./fdf
==216792== Parent PID: 216142
==216792== 
==216792== Invalid write of size 8
==216792==    at 0x401433: read_file (read_file.c:76)
==216792==    by 0x4011B6: main (main.c:23)
==216792==  Address 0x4a58bb8 is 88 bytes inside a block of size 89 alloc'd
==216792==    at 0x483B7F3: malloc (in /usr/lib/x86_64-linux-gnu/valgrind/vgpreload_memcheck-amd64-linux.so)
==216792==    by 0x4013EE: read_file (read_file.c:74)
==216792==    by 0x4011B6: main (main.c:23)
==216792== 
==216792== Invalid write of size 8
==216792==    at 0x4014C1: read_file (read_file.c:88)
==216792==    by 0x4011B6: main (main.c:23)
==216792==  Address 0x4a58bb8 is 88 bytes inside a block of size 89 alloc'd
==216792==    at 0x483B7F3: malloc (in /usr/lib/x86_64-linux-gnu/valgrind/vgpreload_memcheck-amd64-linux.so)
==216792==    by 0x4013EE: read_file (read_file.c:74)
==216792==    by 0x4011B6: main (main.c:23)
==216792== 
==216792== 
==216792== HEAP SUMMARY:
==216792==     in use at exit: 1,036 bytes in 23 blocks
==216792==   total heap usage: 353 allocs, 330 frees, 9,576 bytes allocated
==216792== 
==216792== 19 bytes in 9 blocks are definitely lost in loss record 1 of 5
==216792==    at 0x483B7F3: malloc (in /usr/lib/x86_64-linux-gnu/valgrind/vgpreload_memcheck-amd64-linux.so)
==216792==    by 0x401778: ft_split (in /nfs/homes/leduard2/repos/fdf/fdf)
==216792==    by 0x401337: fill_matrix_line (read_file.c:54)
==216792==    by 0x401492: read_file (read_file.c:83)
==216792==    by 0x4011B6: main (main.c:23)
==216792== 
==216792== 76 bytes in 1 blocks are definitely lost in loss record 2 of 5
==216792==    at 0x483B7F3: malloc (in /usr/lib/x86_64-linux-gnu/valgrind/vgpreload_memcheck-amd64-linux.so)
==216792==    by 0x401419: read_file (read_file.c:76)
==216792==    by 0x4011B6: main (main.c:23)
==216792== 
==216792== 941 (16 direct, 925 indirect) bytes in 1 blocks are definitely lost in loss record 5 of 5
==216792==    at 0x483B7F3: malloc (in /usr/lib/x86_64-linux-gnu/valgrind/vgpreload_memcheck-amd64-linux.so)
==216792==    by 0x401198: main (main.c:21)
==216792== 
==216792== LEAK SUMMARY:
==216792==    definitely lost: 111 bytes in 11 blocks
==216792==    indirectly lost: 925 bytes in 12 blocks
==216792==      possibly lost: 0 bytes in 0 blocks
==216792==    still reachable: 0 bytes in 0 blocks
==216792==         suppressed: 0 bytes in 0 blocks
==216792== 
==216792== For lists of detected and suppressed errors, rerun with: -s
==216792== ERROR SUMMARY: 5 errors from 5 contexts (suppressed: 0 from 0)
